{"synthetic": false,
 "schemaVersion": "2025-09-10",
 "outputs":
 {"o": ["3d77bd41b6f95de5.olean"],
  "m": false,
  "i": "d36b2544de9a6de8.ilean",
  "c": "1761683fd3aefc43.c"},
 "log":
 [{"message":
   ".> LEAN_PATH=/home/runner/repos/Whole-Brain-Maybe/lean/OmegaDR/.lake/build/lib/lean /home/runner/.elan/toolchains/leanprover--lean4---v4.33.1/bin/lean /home/runner/repos/Whole-Brain-Maybe/lean/OmegaDR/OmegaDR/Basic.lean -o /home/runner/repos/Whole-Brain-Maybe/lean/OmegaDR/.lake/build/lib/lean/OmegaDR/Basic.olean -i /home/runner/repos/Whole-Brain-Maybe/lean/OmegaDR/.lake/build/lib/lean/OmegaDR/Basic.ilean -c /home/runner/repos/Whole-Brain-Maybe/lean/OmegaDR/.lake/build/ir/OmegaDR/Basic.c --setup /home/runner/repos/Whole-Brain-Maybe/lean/OmegaDR/.lake/build/ir/OmegaDR/Basic.setup.json --json",
   "level": "trace"}],
 "inputs":
 [["deps",
   [["OmegaDR/OmegaDR:extraDep", [["@OmegaDR:extraDep", "00000000000006bb"]]],
    ["imports", "00000000000006bb"]]],
  ["libs",
   [["import dynlibs", "00000000000006bb"],
    ["package external libraries", "00000000000006bb"],
    ["module dynlibs", "00000000000006bb"],
    ["module plugins", "00000000000006bb"]]],
  ["Lean 4.33.1, commit 819816b2e0a3bf405af45ae5c7af2491d8f5bee6",
   "0051240b7c23c453"],
  ["/home/runner/repos/Whole-Brain-Maybe/lean/OmegaDR/OmegaDR/Basic.lean",
   "5b710985c5ae7598"],
  ["options", "00000000000006bb"],
  ["isModule: false", "feefd2a0d3a1847e"],
  ["Module.name: OmegaDR.Basic", "5071e86f689eabd9"],
  ["Package.id?: (some OmegaDR)", "95e5890a7edca914"],
  ["Module.leanArgs: #[]", "00000000000006bb"]],
 "depHash": "1d10fca4067a3c49"}