{"synthetic": false,
 "schemaVersion": "2025-09-10",
 "outputs":
 {"o": ["8e4d5afce0eede63.olean"],
  "m": false,
  "i": "b4c450fdba1a1d1d.ilean",
  "c": "b8bc38fff1548e28.c"},
 "log":
 [{"message":
   ".> LEAN_PATH=/home/runner/repos/Whole-Brain-Maybe/lean/OmegaDR/.lake/build/lib/lean /home/runner/.elan/toolchains/leanprover--lean4---v4.33.1/bin/lean /home/runner/repos/Whole-Brain-Maybe/lean/OmegaDR/OmegaDR/Grid.lean -o /home/runner/repos/Whole-Brain-Maybe/lean/OmegaDR/.lake/build/lib/lean/OmegaDR/Grid.olean -i /home/runner/repos/Whole-Brain-Maybe/lean/OmegaDR/.lake/build/lib/lean/OmegaDR/Grid.ilean -c /home/runner/repos/Whole-Brain-Maybe/lean/OmegaDR/.lake/build/ir/OmegaDR/Grid.c --setup /home/runner/repos/Whole-Brain-Maybe/lean/OmegaDR/.lake/build/ir/OmegaDR/Grid.setup.json --json",
   "level": "trace"}],
 "inputs":
 [["deps",
   [["OmegaDR/OmegaDR:extraDep", [["@OmegaDR:extraDep", "00000000000006bb"]]],
    ["imports",
     [["OmegaDR.Binding transitive imports (legacy)", "1bbf4c8bc4340eba"],
      ["OmegaDR.Binding:importAllArts", "b33efff0ed876524"]]]]],
  ["libs",
   [["import dynlibs", "00000000000006bb"],
    ["package external libraries", "00000000000006bb"],
    ["module dynlibs", "00000000000006bb"],
    ["module plugins", "00000000000006bb"]]],
  ["Lean 4.33.1, commit 819816b2e0a3bf405af45ae5c7af2491d8f5bee6",
   "0051240b7c23c453"],
  ["/home/runner/repos/Whole-Brain-Maybe/lean/OmegaDR/OmegaDR/Grid.lean",
   "007385d0026e9ce1"],
  ["options", "00000000000006bb"],
  ["isModule: false", "feefd2a0d3a1847e"],
  ["Module.name: OmegaDR.Grid", "9a24ca358a6e1004"],
  ["Package.id?: (some OmegaDR)", "95e5890a7edca914"],
  ["Module.leanArgs: #[]", "00000000000006bb"]],
 "depHash": "dd952554afde6f58"}