{"synthetic": false,
 "schemaVersion": "2025-09-10",
 "outputs":
 {"o": ["35519b063b1a7a89.olean"],
  "m": false,
  "i": "a6c87290d9b46f1d.ilean",
  "c": "901084f0043b5e19.c"},
 "log":
 [{"message":
   ".> LEAN_PATH=/home/runner/repos/Whole-Brain-Maybe/lean/OmegaDR/.lake/build/lib/lean /home/runner/.elan/toolchains/leanprover--lean4---v4.33.1/bin/lean /home/runner/repos/Whole-Brain-Maybe/lean/OmegaDR/OmegaDR/Noise.lean -o /home/runner/repos/Whole-Brain-Maybe/lean/OmegaDR/.lake/build/lib/lean/OmegaDR/Noise.olean -i /home/runner/repos/Whole-Brain-Maybe/lean/OmegaDR/.lake/build/lib/lean/OmegaDR/Noise.ilean -c /home/runner/repos/Whole-Brain-Maybe/lean/OmegaDR/.lake/build/ir/OmegaDR/Noise.c --setup /home/runner/repos/Whole-Brain-Maybe/lean/OmegaDR/.lake/build/ir/OmegaDR/Noise.setup.json --json",
   "level": "trace"},
  {"message": "OmegaDR/Noise.lean:99:8: declaration uses `sorry`",
   "level": "warning"}],
 "inputs":
 [["deps",
   [["OmegaDR/OmegaDR:extraDep", [["@OmegaDR:extraDep", "00000000000006bb"]]],
    ["imports",
     [["OmegaDR.Basic transitive imports (legacy)", "00000000000006bb"],
      ["OmegaDR.Basic:importAllArts", "07d6725ad90b0bc3"]]]]],
  ["libs",
   [["import dynlibs", "00000000000006bb"],
    ["package external libraries", "00000000000006bb"],
    ["module dynlibs", "00000000000006bb"],
    ["module plugins", "00000000000006bb"]]],
  ["Lean 4.33.1, commit 819816b2e0a3bf405af45ae5c7af2491d8f5bee6",
   "0051240b7c23c453"],
  ["/home/runner/repos/Whole-Brain-Maybe/lean/OmegaDR/OmegaDR/Noise.lean",
   "911b9a8e183c0724"],
  ["options", "00000000000006bb"],
  ["isModule: false", "feefd2a0d3a1847e"],
  ["Module.name: OmegaDR.Noise", "5ce3f6887ab0edc1"],
  ["Package.id?: (some OmegaDR)", "95e5890a7edca914"],
  ["Module.leanArgs: #[]", "00000000000006bb"]],
 "depHash": "85f6020b5e83d56f"}